// Jest Snapshot v1, https://goo.gl/fbAQLP

exports[`renders the Header component 1`] = `
<header
  className="MuiBox-root css-0"
>
  <h5
    className="MuiBox-root css-1yuhvjn"
  >
    iTunes Search API
  </h5>
</header>
`;
