// Jest Snapshot v1, https://goo.gl/fbAQLP

exports[`should renders the ResultsNotFound component 1`] = `
<div>
  You got zero results. Try again changing the term of your search.
</div>
`;
