// Jest Snapshot v1, https://goo.gl/fbAQLP

exports[`renders the Layout component 1`] = `
Array [
  <header
    className="MuiBox-root css-0"
  >
    <h5
      className="MuiBox-root css-1yuhvjn"
    >
      iTunes Search API
    </h5>
  </header>,
  <main
    className="MuiBox-root css-0"
  >
    <div
      className="MuiBox-root css-0"
    >
      Basic Layout
    </div>
  </main>,
  <footer
    className="MuiBox-root css-0"
  >
    <p
      className="MuiBox-root css-0"
    >
      Copyright Â©
      <a
        className="MuiTypography-root MuiTypography-inherit MuiLink-root MuiLink-underlineHover css-zr39bh-MuiTypography-root-MuiLink-root"
        href="https://github.com/danielmascena"
        onBlur={[Function]}
        onFocus={[Function]}
        title="author"
      >
        Daniel Mascena
      </a>
    </p>
  </footer>,
]
`;
