// Jest Snapshot v1, https://goo.gl/fbAQLP

exports[`renders the EndOfResults component 1`] = `
<p
  className="MuiBox-root css-xi606m"
>
  <span
    className="MuiBox-root css-0"
  >
    End of the results. Jump to the top
  </span>
   
  <button
    aria-label="Jump to the top"
    className="MuiButtonBase-root MuiIconButton-root MuiIconButton-colorPrimary MuiIconButton-sizeMedium css-1kuq5xv-MuiButtonBase-root-MuiIconButton-root"
    disabled={false}
    onBlur={[Function]}
    onClick={[Function]}
    onContextMenu={[Function]}
    onDragLeave={[Function]}
    onFocus={[Function]}
    onKeyDown={[Function]}
    onKeyUp={[Function]}
    onMouseDown={[Function]}
    onMouseLeave={[Function]}
    onMouseUp={[Function]}
    onTouchEnd={[Function]}
    onTouchMove={[Function]}
    onTouchStart={[Function]}
    tabIndex={0}
    type="button"
  >
    <svg
      aria-hidden={true}
      className="MuiSvgIcon-root MuiSvgIcon-fontSizeMedium css-i4bv87-MuiSvgIcon-root"
      data-testid="ArrowUpwardIcon"
      focusable="false"
      viewBox="0 0 24 24"
    >
      <path
        d="m4 12 1.41 1.41L11 7.83V20h2V7.83l5.58 5.59L20 12l-8-8-8 8z"
      />
    </svg>
  </button>
</p>
`;
