// Jest Snapshot v1, https://goo.gl/fbAQLP

exports[`should renders the Footer component 1`] = `
<footer>
  <p>
    Copyright Â© 
    <a
      href="https://github.com/danielmascena"
      title="author"
    >
      Daniel Mascena
    </a>
  </p>
</footer>
`;
